
  .   ____          _            __ _ _
 /\\ / ___'_ __ _ _(_)_ __  __ _ \ \ \ \
( ( )\___ | '_ | '_| | '_ \/ _` | \ \ \ \
 \\/  ___)| |_)| | | | | || (_| |  ) ) ) )
  '  |____| .__|_| |_|_| |_\__, | / / / /
 =========|_|==============|___/=/_/_/_/

 :: Spring Boot ::               (v3.5.10)

2026-03-27T16:30:53.945+07:00  INFO 7808 --- [bai8] [           main] com.example.bai8.Bai8Application         : Starting Bai8Application v0.0.1-SNAPSHOT using Java 23.0.2 with PID 7808 (D:\Bai8\target\bai8-0.0.1-SNAPSHOT.jar started by truon in D:\Bai8)
2026-03-27T16:30:53.949+07:00  INFO 7808 --- [bai8] [           main] com.example.bai8.Bai8Application         : No active profile set, falling back to 1 default profile: "default"
2026-03-27T16:30:54.876+07:00  INFO 7808 --- [bai8] [           main] .s.d.r.c.RepositoryConfigurationDelegate : Bootstrapping Spring Data JPA repositories in DEFAULT mode.
2026-03-27T16:30:54.932+07:00  INFO 7808 --- [bai8] [           main] .s.d.r.c.RepositoryConfigurationDelegate : Finished Spring Data repository scanning in 45 ms. Found 4 JPA repository interfaces.
2026-03-27T16:30:55.567+07:00  INFO 7808 --- [bai8] [           main] o.s.b.w.embedded.tomcat.TomcatWebServer  : Tomcat initialized with port 8081 (http)
2026-03-27T16:30:55.583+07:00  INFO 7808 --- [bai8] [           main] o.apache.catalina.core.StandardService   : Starting service [Tomcat]
2026-03-27T16:30:55.584+07:00  INFO 7808 --- [bai8] [           main] o.apache.catalina.core.StandardEngine    : Starting Servlet engine: [Apache Tomcat/10.1.50]
2026-03-27T16:30:55.639+07:00  INFO 7808 --- [bai8] [           main] o.a.c.c.C.[Tomcat].[localhost].[/]       : Initializing Spring embedded WebApplicationContext
2026-03-27T16:30:55.640+07:00  INFO 7808 --- [bai8] [           main] w.s.c.ServletWebServerApplicationContext : Root WebApplicationContext: initialization completed in 1381 ms
2026-03-27T16:30:55.848+07:00  INFO 7808 --- [bai8] [           main] o.hibernate.jpa.internal.util.LogHelper  : HHH000204: Processing PersistenceUnitInfo [name: default]
2026-03-27T16:30:55.911+07:00  INFO 7808 --- [bai8] [           main] org.hibernate.Version                    : HHH000412: Hibernate ORM core version 6.6.41.Final
2026-03-27T16:30:55.943+07:00  INFO 7808 --- [bai8] [           main] o.h.c.internal.RegionFactoryInitiator    : HHH000026: Second-level cache disabled
2026-03-27T16:30:56.282+07:00  INFO 7808 --- [bai8] [           main] o.s.o.j.p.SpringPersistenceUnitInfo      : No LoadTimeWeaver setup: ignoring JPA class transformer
2026-03-27T16:30:56.312+07:00  INFO 7808 --- [bai8] [           main] com.zaxxer.hikari.HikariDataSource       : HikariPool-1 - Starting...
2026-03-27T16:30:56.728+07:00  INFO 7808 --- [bai8] [           main] com.zaxxer.hikari.pool.HikariPool        : HikariPool-1 - Added connection com.mysql.cj.jdbc.ConnectionImpl@63c4d16
2026-03-27T16:30:56.730+07:00  INFO 7808 --- [bai8] [           main] com.zaxxer.hikari.HikariDataSource       : HikariPool-1 - Start completed.
2026-03-27T16:30:57.013+07:00  INFO 7808 --- [bai8] [           main] org.hibernate.orm.connections.pooling    : HHH10001005: Database info:
	Database JDBC URL [Connecting through datasource 'HikariDataSource (HikariPool-1)']
	Database driver: undefined/unknown
	Database version: 8.4.3
	Autocommit mode: undefined/unknown
	Isolation level: undefined/unknown
	Minimum pool size: undefined/unknown
	Maximum pool size: undefined/unknown
2026-03-27T16:30:59.304+07:00  INFO 7808 --- [bai8] [           main] o.h.e.t.j.p.i.JtaPlatformInitiator       : HHH000489: No JTA platform available (set 'hibernate.transaction.jta.platform' to enable JTA platform integration)
2026-03-27T16:30:59.509+07:00  INFO 7808 --- [bai8] [           main] j.LocalContainerEntityManagerFactoryBean : Initialized JPA EntityManagerFactory for persistence unit 'default'
2026-03-27T16:31:00.641+07:00  WARN 7808 --- [bai8] [           main] JpaBaseConfiguration$JpaWebConfiguration : spring.jpa.open-in-view is enabled by default. Therefore, database queries may be performed during view rendering. Explicitly configure spring.jpa.open-in-view to disable this warning
2026-03-27T16:31:00.731+07:00  INFO 7808 --- [bai8] [           main] o.s.s.p.JdbcUserDetailsManager           : No authentication manager set. Reauthentication of users when changing passwords will not be performed.
2026-03-27T16:31:00.753+07:00  INFO 7808 --- [bai8] [           main] r$InitializeUserDetailsManagerConfigurer : Global AuthenticationManager configured with UserDetailsService bean with name userDetailsService
2026-03-27T16:31:02.285+07:00  INFO 7808 --- [bai8] [           main] o.s.b.w.embedded.tomcat.TomcatWebServer  : Tomcat started on port 8081 (http) with context path '/'
2026-03-27T16:31:02.324+07:00  INFO 7808 --- [bai8] [           main] com.example.bai8.Bai8Application         : Started Bai8Application in 8.775 seconds (process running for 9.278)
Hibernate: 
    select
        p1_0.id,
        p1_0.category,
        p1_0.code,
        p1_0.image,
        p1_0.name,
        p1_0.price 
    from
        products p1_0 
    order by
        p1_0.id
2026-03-27T16:31:18.934+07:00  INFO 7808 --- [bai8] [nio-8081-exec-1] o.a.c.c.C.[Tomcat].[localhost].[/]       : Initializing Spring DispatcherServlet 'dispatcherServlet'
2026-03-27T16:31:18.935+07:00  INFO 7808 --- [bai8] [nio-8081-exec-1] o.s.web.servlet.DispatcherServlet        : Initializing Servlet 'dispatcherServlet'
2026-03-27T16:31:18.937+07:00  INFO 7808 --- [bai8] [nio-8081-exec-1] o.s.web.servlet.DispatcherServlet        : Completed initialization in 2 ms
Hibernate: 
    select
        p1_0.id,
        p1_0.category,
        p1_0.code,
        p1_0.image,
        p1_0.name,
        p1_0.price 
    from
        products p1_0 
    order by
        p1_0.id 
    limit
        ?, ?
Hibernate: 
    select
        count(p1_0.id) 
    from
        products p1_0
Hibernate: 
    select
        c1_0.id,
        c1_0.name 
    from
        categories c1_0 
    order by
        c1_0.id
Hibernate: 
    select
        p1_0.id,
        p1_0.category,
        p1_0.code,
        p1_0.image,
        p1_0.name,
        p1_0.price 
    from
        products p1_0 
    where
        p1_0.id=?
Hibernate: 
    select
        p1_0.id,
        p1_0.category,
        p1_0.code,
        p1_0.image,
        p1_0.name,
        p1_0.price 
    from
        products p1_0 
    where
        p1_0.id=?
Hibernate: 
    select
        p1_0.id,
        p1_0.category,
        p1_0.code,
        p1_0.image,
        p1_0.name,
        p1_0.price 
    from
        products p1_0 
    where
        p1_0.id=?
Hibernate: 
    select
        p1_0.id,
        p1_0.category,
        p1_0.code,
        p1_0.image,
        p1_0.name,
        p1_0.price 
    from
        products p1_0 
    where
        p1_0.id=?
Hibernate: 
    select
        p1_0.id,
        p1_0.category,
        p1_0.code,
        p1_0.image,
        p1_0.name,
        p1_0.price 
    from
        products p1_0 
    where
        p1_0.id=?
Hibernate: 
    select
        p1_0.id,
        p1_0.category,
        p1_0.code,
        p1_0.image,
        p1_0.name,
        p1_0.price 
    from
        products p1_0 
    where
        p1_0.id=?
Hibernate: 
    select
        p1_0.id,
        p1_0.category,
        p1_0.code,
        p1_0.image,
        p1_0.name,
        p1_0.price 
    from
        products p1_0 
    where
        p1_0.id=?
Hibernate: 
    insert 
    into
        orders
        (order_date, status, total_amount) 
    values
        (?, ?, ?)
Hibernate: 
    insert 
    into
        order_details
        (order_id, price, product_id, quantity, subtotal) 
    values
        (?, ?, ?, ?, ?)
Hibernate: 
    insert 
    into
        order_details
        (order_id, price, product_id, quantity, subtotal) 
    values
        (?, ?, ?, ?, ?)
Hibernate: 
    insert 
    into
        order_details
        (order_id, price, product_id, quantity, subtotal) 
    values
        (?, ?, ?, ?, ?)
Hibernate: 
    select
        o1_0.id,
        o1_0.order_date,
        o1_0.status,
        o1_0.total_amount 
    from
        orders o1_0 
    where
        o1_0.id=?
Hibernate: 
    select
        od1_0.order_id,
        od1_0.id,
        od1_0.price,
        od1_0.product_id,
        p1_0.id,
        p1_0.category,
        p1_0.code,
        p1_0.image,
        p1_0.name,
        p1_0.price,
        od1_0.quantity,
        od1_0.subtotal 
    from
        order_details od1_0 
    left join
        products p1_0 
            on p1_0.id=od1_0.product_id 
    where
        od1_0.order_id=?
Hibernate: 
    select
        p1_0.id,
        p1_0.category,
        p1_0.code,
        p1_0.image,
        p1_0.name,
        p1_0.price 
    from
        products p1_0 
    order by
        p1_0.id 
    limit
        ?, ?
Hibernate: 
    select
        count(p1_0.id) 
    from
        products p1_0
Hibernate: 
    select
        c1_0.id,
        c1_0.name 
    from
        categories c1_0 
    order by
        c1_0.id
Hibernate: 
    select
        p1_0.id,
        p1_0.category,
        p1_0.code,
        p1_0.image,
        p1_0.name,
        p1_0.price 
    from
        products p1_0 
    where
        p1_0.id=?
Hibernate: 
    select
        p1_0.id,
        p1_0.category,
        p1_0.code,
        p1_0.image,
        p1_0.name,
        p1_0.price 
    from
        products p1_0 
    where
        p1_0.id=?
Hibernate: 
    select
        p1_0.id,
        p1_0.category,
        p1_0.code,
        p1_0.image,
        p1_0.name,
        p1_0.price 
    from
        products p1_0 
    where
        p1_0.id=?
Hibernate: 
    select
        p1_0.id,
        p1_0.category,
        p1_0.code,
        p1_0.image,
        p1_0.name,
        p1_0.price 
    from
        products p1_0 
    where
        p1_0.id=?
Hibernate: 
    select
        p1_0.id,
        p1_0.category,
        p1_0.code,
        p1_0.image,
        p1_0.name,
        p1_0.price 
    from
        products p1_0 
    where
        p1_0.id=?
Hibernate: 
    select
        p1_0.id,
        p1_0.category,
        p1_0.code,
        p1_0.image,
        p1_0.name,
        p1_0.price 
    from
        products p1_0 
    where
        p1_0.id=?
Hibernate: 
    insert 
    into
        orders
        (order_date, status, total_amount) 
    values
        (?, ?, ?)
Hibernate: 
    insert 
    into
        order_details
        (order_id, price, product_id, quantity, subtotal) 
    values
        (?, ?, ?, ?, ?)
Hibernate: 
    insert 
    into
        order_details
        (order_id, price, product_id, quantity, subtotal) 
    values
        (?, ?, ?, ?, ?)
Hibernate: 
    insert 
    into
        order_details
        (order_id, price, product_id, quantity, subtotal) 
    values
        (?, ?, ?, ?, ?)
Hibernate: 
    select
        o1_0.id,
        o1_0.order_date,
        o1_0.status,
        o1_0.total_amount 
    from
        orders o1_0 
    where
        o1_0.id=?
Hibernate: 
    select
        od1_0.order_id,
        od1_0.id,
        od1_0.price,
        od1_0.product_id,
        p1_0.id,
        p1_0.category,
        p1_0.code,
        p1_0.image,
        p1_0.name,
        p1_0.price,
        od1_0.quantity,
        od1_0.subtotal 
    from
        order_details od1_0 
    left join
        products p1_0 
            on p1_0.id=od1_0.product_id 
    where
        od1_0.order_id=?
Hibernate: 
    select
        p1_0.id,
        p1_0.category,
        p1_0.code,
        p1_0.image,
        p1_0.name,
        p1_0.price 
    from
        products p1_0 
    order by
        p1_0.id 
    limit
        ?, ?
Hibernate: 
    select
        count(p1_0.id) 
    from
        products p1_0
Hibernate: 
    select
        c1_0.id,
        c1_0.name 
    from
        categories c1_0 
    order by
        c1_0.id
Hibernate: 
    select
        p1_0.id,
        p1_0.category,
        p1_0.code,
        p1_0.image,
        p1_0.name,
        p1_0.price 
    from
        products p1_0 
    order by
        p1_0.id 
    limit
        ?, ?
Hibernate: 
    select
        count(p1_0.id) 
    from
        products p1_0
Hibernate: 
    select
        c1_0.id,
        c1_0.name 
    from
        categories c1_0 
    order by
        c1_0.id
Hibernate: 
    select
        p1_0.id,
        p1_0.category,
        p1_0.code,
        p1_0.image,
        p1_0.name,
        p1_0.price 
    from
        products p1_0 
    order by
        p1_0.id 
    limit
        ?, ?
Hibernate: 
    select
        count(p1_0.id) 
    from
        products p1_0
Hibernate: 
    select
        c1_0.id,
        c1_0.name 
    from
        categories c1_0 
    order by
        c1_0.id
Hibernate: 
    select
        p1_0.id,
        p1_0.category,
        p1_0.code,
        p1_0.image,
        p1_0.name,
        p1_0.price 
    from
        products p1_0 
    order by
        p1_0.id 
    limit
        ?, ?
Hibernate: 
    select
        count(p1_0.id) 
    from
        products p1_0
Hibernate: 
    select
        c1_0.id,
        c1_0.name 
    from
        categories c1_0 
    order by
        c1_0.id
Hibernate: 
    select
        p1_0.id,
        p1_0.category,
        p1_0.code,
        p1_0.image,
        p1_0.name,
        p1_0.price 
    from
        products p1_0 
    order by
        p1_0.id 
    limit
        ?, ?
Hibernate: 
    select
        count(p1_0.id) 
    from
        products p1_0
Hibernate: 
    select
        c1_0.id,
        c1_0.name 
    from
        categories c1_0 
    order by
        c1_0.id
